// Vitest Snapshot v1, https://vitest.dev/guide/snapshot.html

exports[`Auto-Blend planner > is frozen for version 1: the curated Mixes plan exactly as recorded 1`] = `
{
  "c-deep-end": {
    "makeupDb": 2.15,
    "v": 1,
    "voices": {
      "brown": {
        "ceiling": 1,
        "db": [
          -2.16,
          -2.16,
        ],
        "times": [
          0,
          1200,
        ],
      },
      "ocean": {
        "ceiling": 1,
        "db": [
          -2.16,
          -2.16,
        ],
        "times": [
          0,
          1200,
        ],
      },
    },
  },
  "c-locked-in": {
    "makeupDb": 2.14,
    "v": 1,
    "voices": {
      "brown": {
        "ceiling": 1,
        "db": [
          0,
          0,
          -0.37,
          -0.5,
          -1.14,
          -2.34,
          -2.71,
          -2.83,
          -3.54,
          -3.54,
          -2.83,
          -2.76,
          -2.76,
          -2.7,
          -2.23,
          -0.79,
          -0.28,
          -0.03,
          0,
        ],
        "times": [
          0,
          179,
          180,
          195,
          217.5,
          247.5,
          262.5,
          730,
          747.5,
          1172.5,
          1190,
          1200,
          1770,
          1772.5,
          1777.5,
          1787.5,
          1792.5,
          1797.5,
          1800,
        ],
      },
      "focus": {
        "ceiling": 0,
        "db": [
          0,
          0,
          -0.07,
          -0.27,
          -1.15,
          -1.26,
          -1.33,
          -1.49,
          -1.98,
          -2.06,
          -1.97,
          -2.07,
          -2.04,
          -1.97,
          -2.06,
          -1.98,
          -1.49,
          -1.26,
          -1.23,
          -0.11,
          0,
        ],
        "times": [
          0,
          179,
          180,
          210,
          255,
          270,
          730,
          735,
          740,
          742.5,
          745,
          750,
          1172.5,
          1175,
          1177.5,
          1180,
          1185,
          1200,
          1772.5,
          1790,
          1800,
        ],
      },
      "rain": {
        "ceiling": 1,
        "db": [
          0,
          0,
          -0.07,
          -0.27,
          -1.15,
          -1.26,
          -1.33,
          -2.04,
          -2.04,
          -1.33,
          -1.26,
          -1.23,
          -0.11,
          0,
        ],
        "times": [
          0,
          179,
          180,
          210,
          255,
          270,
          730,
          747.5,
          1172.5,
          1190,
          1200,
          1772.5,
          1790,
          1800,
        ],
      },
    },
  },
  "c-low-tide": {
    "makeupDb": 2.01,
    "v": 1,
    "voices": {
      "brown": {
        "ceiling": 1,
        "db": [
          -1,
          -1,
          -2.27,
          -2.16,
          -2.16,
        ],
        "times": [
          0,
          382.5,
          427.5,
          450,
          1800,
        ],
      },
      "ocean": {
        "ceiling": 1,
        "db": [
          0,
          0,
          -0.2,
          -0.32,
          -0.83,
          -2.14,
          -2.21,
          -2.16,
        ],
        "times": [
          0,
          359,
          360,
          382.5,
          397.5,
          427.5,
          435,
          1800,
        ],
      },
    },
  },
  "c-rain-room": {
    "makeupDb": 2.03,
    "v": 1,
    "voices": {
      "brown": {
        "ceiling": 1,
        "db": [
          -2.76,
          -2.76,
        ],
        "times": [
          0,
          1200,
        ],
      },
      "rain": {
        "ceiling": 1,
        "db": [
          -1.26,
          -1.26,
        ],
        "times": [
          0,
          1200,
        ],
      },
    },
  },
  "c-soft-static": {
    "makeupDb": 0.3,
    "v": 1,
    "voices": {
      "pink": {
        "ceiling": 1,
        "db": [
          -0.25,
          -0.25,
        ],
        "times": [
          0,
          1200,
        ],
      },
      "white": {
        "ceiling": 1,
        "db": [
          -0.75,
          -0.75,
        ],
        "times": [
          0,
          1200,
        ],
      },
    },
  },
}
`;
